2017/12/02 09:18:54 [error] 3794#3794: *114 open() "/application/favicon.ico" failed (2: No such file or directory), client: 172.20.0.1, server: www.pomanager.it, request: "GET /favicon.ico HTTP/1.1", host: "www.pomanager.it", referrer: "http://www.pomanager.it/api/"
2017/12/02 12:33:17 [error] 6#6: *79 open() "/application/favicon.png" failed (2: No such file or directory), client: 172.20.0.1, server: www.pomanager.it, request: "GET /favicon.png HTTP/1.1", host: "www.pomanager.it", referrer: "http://www.pomanager.it/react.php"
2017/12/02 13:34:51 [error] 6#6: *17 open() "/application/forms.html" failed (2: No such file or directory), client: 172.20.0.1, server: www.pomanager.it, request: "GET /forms.html HTTP/1.1", host: "www.pomanager.it", referrer: "http://www.pomanager.it/react.php"
2017/12/02 13:45:47 [error] 6#6: *20 open() "/application/index.html" failed (2: No such file or directory), client: 172.20.0.1, server: www.pomanager.it, request: "GET /index.html HTTP/1.1", host: "www.pomanager.it", referrer: "http://www.pomanager.it/react.php"
2017/12/02 14:17:25 [error] 6#6: *22 open() "/application/index.html" failed (2: No such file or directory), client: 172.20.0.1, server: www.pomanager.it, request: "GET /index.html HTTP/1.1", host: "www.pomanager.it", referrer: "http://www.pomanager.it/react.php"
2017/12/02 14:17:30 [error] 6#6: *22 open() "/application/forms.html" failed (2: No such file or directory), client: 172.20.0.1, server: www.pomanager.it, request: "GET /forms.html HTTP/1.1", host: "www.pomanager.it", referrer: "http://www.pomanager.it/react.php"
2017/12/02 18:04:24 [error] 7#7: *3 open() "/application/login.html" failed (2: No such file or directory), client: 172.20.0.1, server: www.pomanager.it, request: "GET /login.html HTTP/1.1", host: "www.pomanager.it", referrer: "http://www.pomanager.it/react.php"
2017/12/27 15:35:05 [error] 12#12: *1 open() "/application/favicon.png" failed (2: No such file or directory), client: 172.20.0.1, server: www.pomanager.it, request: "GET /favicon.png HTTP/1.1", host: "www.pomanager.it", referrer: "http://www.pomanager.it/react.php"
2017/12/27 15:35:09 [error] 12#12: *4 open() "/application/http" failed (2: No such file or directory), client: 172.20.0.1, server: www.pomanager.it, request: "GET /http HTTP/1.1", host: "www.pomanager.it", referrer: "http://www.pomanager.it/"
2017/12/27 15:35:09 [error] 12#12: *4 open() "/application/http" failed (2: No such file or directory), client: 172.20.0.1, server: www.pomanager.it, request: "GET /http HTTP/1.1", host: "www.pomanager.it", referrer: "http://www.pomanager.it/"
2017/12/27 15:35:09 [error] 12#12: *4 connect() failed (111: Connection refused) while connecting to upstream, client: 172.20.0.1, server: www.pomanager.it, request: "GET /api/users HTTP/1.1", upstream: "http://172.20.0.5:80/users", host: "www.pomanager.it", referrer: "http://www.pomanager.it/"
2017/12/27 15:35:09 [error] 12#12: *4 open() "/application/favicon.ico" failed (2: No such file or directory), client: 172.20.0.1, server: www.pomanager.it, request: "GET /favicon.ico HTTP/1.1", host: "www.pomanager.it", referrer: "http://www.pomanager.it/"
2017/12/27 15:37:51 [error] 12#12: *11 connect() failed (111: Connection refused) while connecting to upstream, client: 172.20.0.1, server: www.pomanager.it, request: "GET /api/users HTTP/1.1", upstream: "http://172.20.0.5:80/users", host: "www.pomanager.it", referrer: "http://www.pomanager.it/react.php"
2017/12/27 18:08:06 [error] 6#6: *5 connect() failed (111: Connection refused) while connecting to upstream, client: 172.20.0.1, server: www.pomanager.it, request: "GET /api/users HTTP/1.1", upstream: "http://172.20.0.5:80/users", host: "www.pomanager.it", referrer: "http://www.pomanager.it/react.php"
2017/12/27 18:08:06 [error] 6#6: *1 open() "/application/favicon.png" failed (2: No such file or directory), client: 172.20.0.1, server: www.pomanager.it, request: "GET /favicon.png HTTP/1.1", host: "www.pomanager.it", referrer: "http://www.pomanager.it/react.php"
2017/12/27 18:13:39 [error] 6#6: *12 open() "/application/favicon.ico" failed (2: No such file or directory), client: 172.20.0.1, server: www.pomanager.it, request: "GET /favicon.ico HTTP/1.1", host: "www.pomanager.it", referrer: "http://www.pomanager.it/react.php"
2017/12/27 18:14:29 [error] 6#6: *15 connect() failed (111: Connection refused) while connecting to upstream, client: 172.20.0.1, server: www.pomanager.it, request: "GET /api/users HTTP/1.1", upstream: "http://172.20.0.5:80/users", host: "www.pomanager.it", referrer: "http://www.pomanager.it/react.php"
2017/12/27 18:15:53 [error] 6#6: *17 connect() failed (111: Connection refused) while connecting to upstream, client: 172.20.0.1, server: www.pomanager.it, request: "GET /api/users HTTP/1.1", upstream: "http://172.20.0.5:80/users", host: "www.pomanager.it", referrer: "http://www.pomanager.it/react.php"
2017/12/27 18:17:26 [error] 6#6: *19 open() "/application/users" failed (2: No such file or directory), client: 172.20.0.1, server: www.pomanager.it, request: "GET /users HTTP/1.1", host: "www.pomanager.it", referrer: "http://www.pomanager.it/react.php"
2017/12/27 18:17:31 [error] 6#6: *21 connect() failed (111: Connection refused) while connecting to upstream, client: 172.20.0.1, server: www.pomanager.it, request: "GET /api/users HTTP/1.1", upstream: "http://172.20.0.5:80/users", host: "www.pomanager.it", referrer: "http://www.pomanager.it/react.php"
2017/12/27 18:18:29 [error] 6#6: *19 open() "/application/dashboard" failed (2: No such file or directory), client: 172.20.0.1, server: www.pomanager.it, request: "GET /dashboard HTTP/1.1", host: "www.pomanager.it"
2017/12/27 18:19:09 [error] 6#6: *23 connect() failed (111: Connection refused) while connecting to upstream, client: 172.20.0.1, server: www.pomanager.it, request: "GET /api/users HTTP/1.1", upstream: "http://172.20.0.5:80/users", host: "www.pomanager.it", referrer: "http://www.pomanager.it/dashboard"
2017/12/27 18:20:53 [error] 6#6: *25 connect() failed (111: Connection refused) while connecting to upstream, client: 172.20.0.1, server: www.pomanager.it, request: "GET /api/users HTTP/1.1", upstream: "http://172.20.0.5:80/users", host: "www.pomanager.it", referrer: "http://www.pomanager.it/dashboard"
2017/12/27 18:21:06 [error] 6#6: *27 open() "/application/dashboard" failed (2: No such file or directory), client: 172.20.0.1, server: www.pomanager.it, request: "GET /dashboard HTTP/1.1", host: "www.pomanager.it"
2017/12/27 18:21:09 [error] 6#6: *27 open() "/application/http" failed (2: No such file or directory), client: 172.20.0.1, server: www.pomanager.it, request: "GET /http HTTP/1.1", host: "www.pomanager.it", referrer: "http://www.pomanager.it/"
2017/12/27 18:21:09 [error] 6#6: *27 open() "/application/http" failed (2: No such file or directory), client: 172.20.0.1, server: www.pomanager.it, request: "GET /http HTTP/1.1", host: "www.pomanager.it", referrer: "http://www.pomanager.it/"
2017/12/27 18:21:09 [error] 6#6: *27 connect() failed (111: Connection refused) while connecting to upstream, client: 172.20.0.1, server: www.pomanager.it, request: "GET /api/users HTTP/1.1", upstream: "http://172.20.0.5:80/users", host: "www.pomanager.it", referrer: "http://www.pomanager.it/"
2017/12/27 18:21:14 [error] 6#6: *25 connect() failed (111: Connection refused) while connecting to upstream, client: 172.20.0.1, server: www.pomanager.it, request: "GET /api/users HTTP/1.1", upstream: "http://172.20.0.5:80/users", host: "www.pomanager.it", referrer: "http://www.pomanager.it/react.php"
2017/12/27 18:22:12 [error] 6#6: *25 connect() failed (111: Connection refused) while connecting to upstream, client: 172.20.0.1, server: www.pomanager.it, request: "GET /api/users HTTP/1.1", upstream: "http://172.20.0.5:80/users", host: "www.pomanager.it", referrer: "http://www.pomanager.it/"
2017/12/27 18:22:16 [error] 6#6: *25 connect() failed (111: Connection refused) while connecting to upstream, client: 172.20.0.1, server: www.pomanager.it, request: "GET /api/users HTTP/1.1", upstream: "http://172.20.0.5:80/users", host: "www.pomanager.it", referrer: "http://www.pomanager.it/"
2017/12/27 18:22:22 [error] 6#6: *27 open() "/application/users" failed (2: No such file or directory), client: 172.20.0.1, server: www.pomanager.it, request: "GET /users HTTP/1.1", host: "www.pomanager.it"
2017/12/27 18:22:28 [error] 6#6: *25 connect() failed (111: Connection refused) while connecting to upstream, client: 172.20.0.1, server: www.pomanager.it, request: "GET /api/users HTTP/1.1", upstream: "http://172.20.0.5:80/users", host: "www.pomanager.it", referrer: "http://www.pomanager.it/"
2017/12/27 18:23:50 [error] 6#6: *43 connect() failed (111: Connection refused) while connecting to upstream, client: 172.20.0.1, server: www.pomanager.it, request: "GET /api/users HTTP/1.1", upstream: "http://172.20.0.5:80/users", host: "www.pomanager.it", referrer: "http://www.pomanager.it/users"
2017/12/27 18:24:23 [error] 6#6: *43 connect() failed (111: Connection refused) while connecting to upstream, client: 172.20.0.1, server: www.pomanager.it, request: "GET /api/users HTTP/1.1", upstream: "http://172.20.0.5:80/users", host: "www.pomanager.it", referrer: "http://www.pomanager.it/dashboard"
2017/12/27 18:25:22 [error] 6#6: *43 connect() failed (111: Connection refused) while connecting to upstream, client: 172.20.0.1, server: www.pomanager.it, request: "GET /api/users HTTP/1.1", upstream: "http://172.20.0.5:80/users", host: "www.pomanager.it", referrer: "http://www.pomanager.it/users"
2017/12/27 18:25:31 [error] 6#6: *43 connect() failed (111: Connection refused) while connecting to upstream, client: 172.20.0.1, server: www.pomanager.it, request: "GET /api/users HTTP/1.1", upstream: "http://172.20.0.5:80/users", host: "www.pomanager.it", referrer: "http://www.pomanager.it/"
2017/12/27 18:25:34 [error] 6#6: *43 connect() failed (111: Connection refused) while connecting to upstream, client: 172.20.0.1, server: www.pomanager.it, request: "GET /api/users HTTP/1.1", upstream: "http://172.20.0.5:80/users", host: "www.pomanager.it", referrer: "http://www.pomanager.it/"
2018/02/20 21:00:58 [error] 7#7: *2 open() "/application/favicon.png" failed (2: No such file or directory), client: 172.20.0.1, server: www.pomanager.it, request: "GET /favicon.png HTTP/1.1", host: "www.pomanager.it", referrer: "http://www.pomanager.it/"
2018/02/20 21:01:20 [error] 7#7: *2 connect() failed (111: Connection refused) while connecting to upstream, client: 172.20.0.1, server: www.pomanager.it, request: "GET /api/ HTTP/1.1", upstream: "http://172.20.0.6:80/", host: "www.pomanager.it"
2018/02/20 21:01:22 [error] 7#7: *2 connect() failed (111: Connection refused) while connecting to upstream, client: 172.20.0.1, server: www.pomanager.it, request: "GET /api/ HTTP/1.1", upstream: "http://172.20.0.6:80/", host: "www.pomanager.it"
2018/02/20 21:01:23 [error] 7#7: *2 connect() failed (111: Connection refused) while connecting to upstream, client: 172.20.0.1, server: www.pomanager.it, request: "GET /api/ HTTP/1.1", upstream: "http://172.20.0.6:80/", host: "www.pomanager.it"
2018/02/20 21:01:23 [error] 7#7: *2 connect() failed (111: Connection refused) while connecting to upstream, client: 172.20.0.1, server: www.pomanager.it, request: "GET /api/ HTTP/1.1", upstream: "http://172.20.0.6:80/", host: "www.pomanager.it"
2018/02/20 21:01:23 [error] 7#7: *2 connect() failed (111: Connection refused) while connecting to upstream, client: 172.20.0.1, server: www.pomanager.it, request: "GET /api/ HTTP/1.1", upstream: "http://172.20.0.6:80/", host: "www.pomanager.it"
2018/02/20 21:01:23 [error] 7#7: *2 connect() failed (111: Connection refused) while connecting to upstream, client: 172.20.0.1, server: www.pomanager.it, request: "GET /api/ HTTP/1.1", upstream: "http://172.20.0.6:80/", host: "www.pomanager.it"
2018/02/20 21:01:23 [error] 7#7: *2 connect() failed (111: Connection refused) while connecting to upstream, client: 172.20.0.1, server: www.pomanager.it, request: "GET /api/ HTTP/1.1", upstream: "http://172.20.0.6:80/", host: "www.pomanager.it"
2018/02/20 21:01:24 [error] 7#7: *2 connect() failed (111: Connection refused) while connecting to upstream, client: 172.20.0.1, server: www.pomanager.it, request: "GET /api/ HTTP/1.1", upstream: "http://172.20.0.6:80/", host: "www.pomanager.it"
2018/02/27 20:33:24 [error] 6#6: *2 open() "/application/favicon.ico" failed (2: No such file or directory), client: 172.20.0.1, server: www.pomanager.it, request: "GET /favicon.ico HTTP/1.1", host: "www.pomanager.it", referrer: "http://www.pomanager.it/api//msgids"
2018/02/27 20:47:48 [error] 6#6: *12 open() "/application/favicon.png" failed (2: No such file or directory), client: 172.20.0.1, server: www.pomanager.it, request: "GET /favicon.png HTTP/1.1", host: "www.pomanager.it", referrer: "http://www.pomanager.it/"
2018/02/27 21:02:27 [error] 15#15: *5 connect() failed (111: Connection refused) while connecting to upstream, client: 172.20.0.1, server: www.devserver.it, request: "GET /build/mario/bundle.js HTTP/1.1", upstream: "http://172.20.0.3:3001/build/mario/bundle.js", host: "www.devserver.it", referrer: "http://www.pomanager.it/"
2018/02/27 21:02:27 [error] 15#15: *5 connect() failed (111: Connection refused) while connecting to upstream, client: 172.20.0.1, server: www.devserver.it, request: "GET /build/mario/bundle.js HTTP/1.1", upstream: "http://172.20.0.3:3001/build/mario/bundle.js", host: "www.devserver.it", referrer: "http://www.pomanager.it/"
2018/02/27 21:02:28 [error] 15#15: *5 connect() failed (111: Connection refused) while connecting to upstream, client: 172.20.0.1, server: www.devserver.it, request: "GET /build/mario/bundle.js HTTP/1.1", upstream: "http://172.20.0.3:3001/build/mario/bundle.js", host: "www.devserver.it", referrer: "http://www.pomanager.it/"
2018/02/27 21:02:28 [error] 15#15: *5 connect() failed (111: Connection refused) while connecting to upstream, client: 172.20.0.1, server: www.devserver.it, request: "GET /build/mario/bundle.js HTTP/1.1", upstream: "http://172.20.0.3:3001/build/mario/bundle.js", host: "www.devserver.it", referrer: "http://www.pomanager.it/"
2018/02/27 21:02:30 [error] 15#15: *5 connect() failed (111: Connection refused) while connecting to upstream, client: 172.20.0.1, server: www.devserver.it, request: "GET /build/mario/bundle.js HTTP/1.1", upstream: "http://172.20.0.3:3001/build/mario/bundle.js", host: "www.devserver.it"
2018/02/27 21:02:31 [error] 15#15: *5 connect() failed (111: Connection refused) while connecting to upstream, client: 172.20.0.1, server: www.devserver.it, request: "GET /build/mario/bundle.js HTTP/1.1", upstream: "http://172.20.0.3:3001/build/mario/bundle.js", host: "www.devserver.it"
2018/02/27 21:02:31 [error] 15#15: *5 connect() failed (111: Connection refused) while connecting to upstream, client: 172.20.0.1, server: www.devserver.it, request: "GET /build/mario/bundle.js HTTP/1.1", upstream: "http://172.20.0.3:3001/build/mario/bundle.js", host: "www.devserver.it"
2018/02/27 21:02:31 [error] 15#15: *5 connect() failed (111: Connection refused) while connecting to upstream, client: 172.20.0.1, server: www.devserver.it, request: "GET /build/mario/bundle.js HTTP/1.1", upstream: "http://172.20.0.3:3001/build/mario/bundle.js", host: "www.devserver.it"
2018/02/27 21:02:31 [error] 15#15: *5 connect() failed (111: Connection refused) while connecting to upstream, client: 172.20.0.1, server: www.devserver.it, request: "GET /build/mario/bundle.js HTTP/1.1", upstream: "http://172.20.0.3:3001/build/mario/bundle.js", host: "www.devserver.it"
2018/02/27 21:02:31 [error] 15#15: *5 connect() failed (111: Connection refused) while connecting to upstream, client: 172.20.0.1, server: www.devserver.it, request: "GET /build/mario/bundle.js HTTP/1.1", upstream: "http://172.20.0.3:3001/build/mario/bundle.js", host: "www.devserver.it"
2018/02/27 21:02:32 [error] 15#15: *5 connect() failed (111: Connection refused) while connecting to upstream, client: 172.20.0.1, server: www.devserver.it, request: "GET /build/mario/bundle.js HTTP/1.1", upstream: "http://172.20.0.3:3001/build/mario/bundle.js", host: "www.devserver.it"
2018/02/27 21:02:32 [error] 15#15: *5 connect() failed (111: Connection refused) while connecting to upstream, client: 172.20.0.1, server: www.devserver.it, request: "GET /build/mario/bundle.js HTTP/1.1", upstream: "http://172.20.0.3:3001/build/mario/bundle.js", host: "www.devserver.it"
2018/02/27 21:02:38 [error] 15#15: *5 connect() failed (111: Connection refused) while connecting to upstream, client: 172.20.0.1, server: www.devserver.it, request: "GET /build/mario/bundle.js HTTP/1.1", upstream: "http://172.20.0.3:3001/build/mario/bundle.js", host: "www.devserver.it"
2018/02/27 21:02:41 [error] 15#15: *5 connect() failed (111: Connection refused) while connecting to upstream, client: 172.20.0.1, server: www.devserver.it, request: "GET /build/mario/bundle.js HTTP/1.1", upstream: "http://172.20.0.3:3001/build/mario/bundle.js", host: "www.devserver.it"
2018/02/27 21:02:42 [error] 15#15: *5 connect() failed (111: Connection refused) while connecting to upstream, client: 172.20.0.1, server: www.devserver.it, request: "GET /build/mario/bundle.js HTTP/1.1", upstream: "http://172.20.0.3:3001/build/mario/bundle.js", host: "www.devserver.it"
2018/02/27 21:13:41 [error] 3846#3846: *129 connect() failed (111: Connection refused) while connecting to upstream, client: 172.20.0.1, server: www.devserver.it, request: "GET /build/commons.js HTTP/1.1", upstream: "http://172.20.0.3:3002/build/commons.js", host: "www.devserver.it"
2018/02/27 21:13:42 [error] 3846#3846: *129 connect() failed (111: Connection refused) while connecting to upstream, client: 172.20.0.1, server: www.devserver.it, request: "GET /build/commons.js HTTP/1.1", upstream: "http://172.20.0.3:3002/build/commons.js", host: "www.devserver.it"
2018/02/27 21:13:42 [error] 3846#3846: *129 connect() failed (111: Connection refused) while connecting to upstream, client: 172.20.0.1, server: www.devserver.it, request: "GET /build/commons.js HTTP/1.1", upstream: "http://172.20.0.3:3002/build/commons.js", host: "www.devserver.it"
2018/02/27 21:13:43 [error] 3846#3846: *129 connect() failed (111: Connection refused) while connecting to upstream, client: 172.20.0.1, server: www.devserver.it, request: "GET /build/commons.js HTTP/1.1", upstream: "http://172.20.0.3:3002/build/commons.js", host: "www.devserver.it"
2018/02/27 21:20:11 [error] 3850#3850: *146 connect() failed (111: Connection refused) while connecting to upstream, client: 172.20.0.1, server: www.devserver.it, request: "GET /build/commons.js HTTP/1.1", upstream: "http://172.20.0.3:3001/build/commons.js", host: "www.devserver.it"
2018/02/27 21:38:21 [error] 3852#3852: *223 open() "/application/build/mario.js" failed (2: No such file or directory), client: 172.20.0.1, server: www.pomanager.it, request: "GET /build/mario.js HTTP/1.1", host: "www.pomanager.it"
2018/02/27 21:38:28 [error] 3852#3852: *223 open() "/application/build/mario/bundle.js" failed (2: No such file or directory), client: 172.20.0.1, server: www.pomanager.it, request: "GET /build/mario/bundle.js HTTP/1.1", host: "www.pomanager.it"
2018/02/27 21:38:31 [error] 3852#3852: *223 open() "/application/build/mario/bundle.js" failed (2: No such file or directory), client: 172.20.0.1, server: www.pomanager.it, request: "GET /build/mario/bundle.js HTTP/1.1", host: "www.pomanager.it"
2018/02/27 21:39:45 [error] 3852#3852: *233 open() "/application/js/build/mario/bundle.js" failed (2: No such file or directory), client: 172.20.0.1, server: www.pomanager.it, request: "GET /js/build/mario/bundle.js HTTP/1.1", host: "www.pomanager.it"
2018/02/27 21:40:41 [error] 3852#3852: *233 open() "/application/build/mario/bundle.js" failed (2: No such file or directory), client: 172.20.0.1, server: www.pomanager.it, request: "GET /build/mario/bundle.js HTTP/1.1", host: "www.pomanager.it", referrer: "http://www.pomanager.it/"
2018/02/27 21:40:43 [error] 3852#3852: *233 open() "/application/build/mario/bundle.js" failed (2: No such file or directory), client: 172.20.0.1, server: www.pomanager.it, request: "GET /build/mario/bundle.js HTTP/1.1", host: "www.pomanager.it", referrer: "http://www.pomanager.it/"
2018/02/27 22:06:44 [error] 3852#3852: *259 open() "/application/js/react/build/mario/bundle.js" failed (2: No such file or directory), client: 172.20.0.1, server: www.pomanager.it, request: "GET /js/react/build/mario/bundle.js HTTP/1.1", host: "www.pomanager.it"
2018/02/27 22:06:50 [error] 3852#3852: *259 open() "/application/js/common.js" failed (2: No such file or directory), client: 172.20.0.1, server: www.pomanager.it, request: "GET /js/common.js HTTP/1.1", host: "www.pomanager.it"
2018/02/27 22:14:26 [error] 3852#3852: *289 open() "/application/:3001/webpack-dev-server" failed (2: No such file or directory), client: 172.20.0.1, server: www.pomanager.it, request: "GET /:3001/webpack-dev-server HTTP/1.1", host: "www.pomanager.it"
2018/02/28 18:33:24 [error] 7#7: *1 open() "/application/favicon.png" failed (2: No such file or directory), client: 172.20.0.1, server: www.pomanager.it, request: "GET /favicon.png HTTP/1.1", host: "www.pomanager.it", referrer: "http://www.pomanager.it/"
2018/02/28 18:54:47 [error] 7#7: *12 open() "/application/:3001/65a73b66974e58820dde.hot-update.json" failed (2: No such file or directory), client: 172.20.0.1, server: www.pomanager.it, request: "GET /:3001/65a73b66974e58820dde.hot-update.json HTTP/1.1", host: "www.pomanager.it", referrer: "http://www.pomanager.it/"
2018/02/28 21:58:29 [error] 7#7: *37 open() "/application/:3001/b0a892d709669e8b869b.hot-update.json" failed (2: No such file or directory), client: 172.20.0.1, server: www.pomanager.it, request: "GET /:3001/b0a892d709669e8b869b.hot-update.json HTTP/1.1", host: "www.pomanager.it", referrer: "http://www.pomanager.it/"
2018/03/05 22:15:02 [error] 6#6: *1 open() "/application/favicon.png" failed (2: No such file or directory), client: 172.20.0.1, server: www.pomanager.it, request: "GET /favicon.png HTTP/1.1", host: "www.pomanager.it", referrer: "http://www.pomanager.it/"
2018/03/05 22:48:24 [error] 7#7: *1 open() "/application/favicon.ico" failed (2: No such file or directory), client: 172.20.0.1, server: www.pomanager.it, request: "GET /favicon.ico HTTP/1.1", host: "www.pomanager.it", referrer: "http://www.pomanager.it/"
2018/03/06 19:57:59 [error] 7#7: *1 open() "/application/favicon.png" failed (2: No such file or directory), client: 172.20.0.1, server: www.pomanager.it, request: "GET /favicon.png HTTP/1.1", host: "www.pomanager.it", referrer: "http://www.pomanager.it/"
2018/03/06 20:57:52 [error] 8#8: *1 connect() failed (111: Connection refused) while connecting to upstream, client: 172.20.0.1, server: www.pomanager.it, request: "GET / HTTP/1.1", upstream: "fastcgi://172.20.0.6:9000", host: "www.pomanager.it", referrer: "http://www.pomanager.it/"
2018/03/06 20:57:52 [error] 8#8: *1 open() "/application/favicon.ico" failed (2: No such file or directory), client: 172.20.0.1, server: www.pomanager.it, request: "GET /favicon.ico HTTP/1.1", host: "www.pomanager.it", referrer: "http://www.pomanager.it/"
2018/03/07 21:21:21 [error] 6#6: *1 open() "/application/favicon.png" failed (2: No such file or directory), client: 172.20.0.1, server: www.pomanager.it, request: "GET /favicon.png HTTP/1.1", host: "www.pomanager.it", referrer: "http://www.pomanager.it/"
2018/03/07 21:21:25 [error] 6#6: *1 open() "/application/favicon.ico" failed (2: No such file or directory), client: 172.20.0.1, server: www.pomanager.it, request: "GET /favicon.ico HTTP/1.1", host: "www.pomanager.it", referrer: "http://www.pomanager.it/"
2018/03/07 21:25:44 [error] 6#6: *10 open() "/application/dist/css/bootstrap.min.css" failed (2: No such file or directory), client: 172.20.0.1, server: www.pomanager.it, request: "GET /dist/css/bootstrap.min.css HTTP/1.1", host: "www.pomanager.it", referrer: "http://www.pomanager.it/"
2018/03/07 21:25:44 [error] 6#6: *9 open() "/application/dashboard.css" failed (2: No such file or directory), client: 172.20.0.1, server: www.pomanager.it, request: "GET /dashboard.css HTTP/1.1", host: "www.pomanager.it", referrer: "http://www.pomanager.it/"
2018/03/07 21:25:44 [error] 6#6: *14 open() "/application/assets/js/vendor/popper.min.js" failed (2: No such file or directory), client: 172.20.0.1, server: www.pomanager.it, request: "GET /assets/js/vendor/popper.min.js HTTP/1.1", host: "www.pomanager.it", referrer: "http://www.pomanager.it/"
2018/03/07 21:25:44 [error] 6#6: *15 open() "/application/dist/js/bootstrap.min.js" failed (2: No such file or directory), client: 172.20.0.1, server: www.pomanager.it, request: "GET /dist/js/bootstrap.min.js HTTP/1.1", host: "www.pomanager.it", referrer: "http://www.pomanager.it/"
2018/03/07 21:25:44 [error] 6#6: *15 open() "/application/assets/js/vendor/popper.min.js" failed (2: No such file or directory), client: 172.20.0.1, server: www.pomanager.it, request: "GET /assets/js/vendor/popper.min.js HTTP/1.1", host: "www.pomanager.it", referrer: "http://www.pomanager.it/"
2018/03/07 21:25:44 [error] 6#6: *15 open() "/application/dist/js/bootstrap.min.js" failed (2: No such file or directory), client: 172.20.0.1, server: www.pomanager.it, request: "GET /dist/js/bootstrap.min.js HTTP/1.1", host: "www.pomanager.it", referrer: "http://www.pomanager.it/"
2018/03/07 21:25:45 [error] 6#6: *15 open() "/application/dist/css/bootstrap.min.css" failed (2: No such file or directory), client: 172.20.0.1, server: www.pomanager.it, request: "GET /dist/css/bootstrap.min.css HTTP/1.1", host: "www.pomanager.it", referrer: "http://www.pomanager.it/"
2018/03/07 21:25:45 [error] 6#6: *14 open() "/application/dashboard.css" failed (2: No such file or directory), client: 172.20.0.1, server: www.pomanager.it, request: "GET /dashboard.css HTTP/1.1", host: "www.pomanager.it", referrer: "http://www.pomanager.it/"
2018/03/07 21:25:45 [error] 6#6: *9 open() "/application/assets/js/vendor/popper.min.js" failed (2: No such file or directory), client: 172.20.0.1, server: www.pomanager.it, request: "GET /assets/js/vendor/popper.min.js HTTP/1.1", host: "www.pomanager.it", referrer: "http://www.pomanager.it/"
2018/03/07 21:25:45 [error] 6#6: *10 open() "/application/dist/js/bootstrap.min.js" failed (2: No such file or directory), client: 172.20.0.1, server: www.pomanager.it, request: "GET /dist/js/bootstrap.min.js HTTP/1.1", host: "www.pomanager.it", referrer: "http://www.pomanager.it/"
2018/03/07 21:25:45 [error] 6#6: *10 open() "/application/assets/js/vendor/popper.min.js" failed (2: No such file or directory), client: 172.20.0.1, server: www.pomanager.it, request: "GET /assets/js/vendor/popper.min.js HTTP/1.1", host: "www.pomanager.it", referrer: "http://www.pomanager.it/"
2018/03/07 21:25:45 [error] 6#6: *10 open() "/application/dist/js/bootstrap.min.js" failed (2: No such file or directory), client: 172.20.0.1, server: www.pomanager.it, request: "GET /dist/js/bootstrap.min.js HTTP/1.1", host: "www.pomanager.it", referrer: "http://www.pomanager.it/"
2018/03/07 21:25:47 [error] 6#6: *10 open() "/application/dist/css/bootstrap.min.css" failed (2: No such file or directory), client: 172.20.0.1, server: www.pomanager.it, request: "GET /dist/css/bootstrap.min.css HTTP/1.1", host: "www.pomanager.it", referrer: "http://www.pomanager.it/"
2018/03/07 21:25:47 [error] 6#6: *9 open() "/application/dashboard.css" failed (2: No such file or directory), client: 172.20.0.1, server: www.pomanager.it, request: "GET /dashboard.css HTTP/1.1", host: "www.pomanager.it", referrer: "http://www.pomanager.it/"
2018/03/07 21:26:33 [error] 6#6: *9 open() "/application/dashboard.css" failed (2: No such file or directory), client: 172.20.0.1, server: www.pomanager.it, request: "GET /dashboard.css HTTP/1.1", host: "www.pomanager.it", referrer: "http://www.pomanager.it/"
2018/03/07 21:26:33 [error] 6#6: *10 open() "/application/assets/js/vendor/popper.min.js" failed (2: No such file or directory), client: 172.20.0.1, server: www.pomanager.it, request: "GET /assets/js/vendor/popper.min.js HTTP/1.1", host: "www.pomanager.it", referrer: "http://www.pomanager.it/"
2018/03/07 21:26:33 [error] 6#6: *14 open() "/application/dist/js/bootstrap.min.js" failed (2: No such file or directory), client: 172.20.0.1, server: www.pomanager.it, request: "GET /dist/js/bootstrap.min.js HTTP/1.1", host: "www.pomanager.it", referrer: "http://www.pomanager.it/"
2018/03/07 21:26:33 [error] 6#6: *14 open() "/application/assets/js/vendor/popper.min.js" failed (2: No such file or directory), client: 172.20.0.1, server: www.pomanager.it, request: "GET /assets/js/vendor/popper.min.js HTTP/1.1", host: "www.pomanager.it", referrer: "http://www.pomanager.it/"
2018/03/07 21:26:33 [error] 6#6: *14 open() "/application/dist/js/bootstrap.min.js" failed (2: No such file or directory), client: 172.20.0.1, server: www.pomanager.it, request: "GET /dist/js/bootstrap.min.js HTTP/1.1", host: "www.pomanager.it", referrer: "http://www.pomanager.it/"
2018/03/07 21:28:22 [error] 6#6: *26 open() "/application/dashboard.css" failed (2: No such file or directory), client: 172.20.0.1, server: www.pomanager.it, request: "GET /dashboard.css HTTP/1.1", host: "www.pomanager.it", referrer: "http://www.pomanager.it/"
2018/03/07 21:28:22 [error] 6#6: *27 open() "/application/assets/js/vendor/popper.min.js" failed (2: No such file or directory), client: 172.20.0.1, server: www.pomanager.it, request: "GET /assets/js/vendor/popper.min.js HTTP/1.1", host: "www.pomanager.it", referrer: "http://www.pomanager.it/"
2018/03/07 21:28:22 [error] 6#6: *28 open() "/application/dist/js/bootstrap.min.js" failed (2: No such file or directory), client: 172.20.0.1, server: www.pomanager.it, request: "GET /dist/js/bootstrap.min.js HTTP/1.1", host: "www.pomanager.it", referrer: "http://www.pomanager.it/"
2018/03/07 21:28:24 [error] 6#6: *24 open() "/application/assets/js/vendor/popper.min.js" failed (2: No such file or directory), client: 172.20.0.1, server: www.pomanager.it, request: "GET /assets/js/vendor/popper.min.js HTTP/1.1", host: "www.pomanager.it", referrer: "http://www.pomanager.it/"
2018/03/07 21:28:24 [error] 6#6: *24 open() "/application/dist/js/bootstrap.min.js" failed (2: No such file or directory), client: 172.20.0.1, server: www.pomanager.it, request: "GET /dist/js/bootstrap.min.js HTTP/1.1", host: "www.pomanager.it", referrer: "http://www.pomanager.it/"
2018/03/07 21:28:37 [error] 6#6: *24 open() "/application/assets/js/vendor/popper.min.js" failed (2: No such file or directory), client: 172.20.0.1, server: www.pomanager.it, request: "GET /assets/js/vendor/popper.min.js HTTP/1.1", host: "www.pomanager.it", referrer: "http://www.pomanager.it/"
2018/03/07 21:28:37 [error] 6#6: *28 open() "/application/dist/js/bootstrap.min.js" failed (2: No such file or directory), client: 172.20.0.1, server: www.pomanager.it, request: "GET /dist/js/bootstrap.min.js HTTP/1.1", host: "www.pomanager.it", referrer: "http://www.pomanager.it/"
2018/03/07 21:28:37 [error] 6#6: *28 open() "/application/assets/js/vendor/popper.min.js" failed (2: No such file or directory), client: 172.20.0.1, server: www.pomanager.it, request: "GET /assets/js/vendor/popper.min.js HTTP/1.1", host: "www.pomanager.it", referrer: "http://www.pomanager.it/"
2018/03/07 21:28:37 [error] 6#6: *28 open() "/application/dist/js/bootstrap.min.js" failed (2: No such file or directory), client: 172.20.0.1, server: www.pomanager.it, request: "GET /dist/js/bootstrap.min.js HTTP/1.1", host: "www.pomanager.it", referrer: "http://www.pomanager.it/"
2018/03/07 21:28:47 [error] 6#6: *28 open() "/application/assets/js/vendor/popper.min.js" failed (2: No such file or directory), client: 172.20.0.1, server: www.pomanager.it, request: "GET /assets/js/vendor/popper.min.js HTTP/1.1", host: "www.pomanager.it", referrer: "http://www.pomanager.it/"
2018/03/07 21:28:47 [error] 6#6: *24 open() "/application/dist/js/bootstrap.min.js" failed (2: No such file or directory), client: 172.20.0.1, server: www.pomanager.it, request: "GET /dist/js/bootstrap.min.js HTTP/1.1", host: "www.pomanager.it", referrer: "http://www.pomanager.it/"
2018/03/07 21:28:47 [error] 6#6: *28 open() "/application/assets/js/vendor/popper.min.js" failed (2: No such file or directory), client: 172.20.0.1, server: www.pomanager.it, request: "GET /assets/js/vendor/popper.min.js HTTP/1.1", host: "www.pomanager.it", referrer: "http://www.pomanager.it/"
2018/03/07 21:28:48 [error] 6#6: *28 open() "/application/dist/js/bootstrap.min.js" failed (2: No such file or directory), client: 172.20.0.1, server: www.pomanager.it, request: "GET /dist/js/bootstrap.min.js HTTP/1.1", host: "www.pomanager.it", referrer: "http://www.pomanager.it/"
2018/03/08 20:14:58 [error] 7#7: *3 open() "/application/favicon.ico" failed (2: No such file or directory), client: 172.20.0.1, server: www.pomanager.it, request: "GET /favicon.ico HTTP/1.1", host: "www.pomanager.it", referrer: "http://www.pomanager.it/"
